[2026-08-20T17:54:52.943Z] [INFO] === auto-git start ===
[2026-08-20T17:54:52.949Z] [WARN] Jen větev main — aktuální: cursor/setup-dev-environment-cd52
[2026-08-20T18:09:03.318Z] [INFO] === auto-git start ===
[2026-08-20T18:09:03.326Z] [WARN] Jen větev main — aktuální: cursor/setup-dev-environment-cd52
[2026-08-20T21:00:16.324Z] [INFO] === auto-git start ===
[2026-08-20T21:00:16.331Z] [WARN] Jen větev main — aktuální: cursor/mediprep-mobile-pwa-cd52
[2026-08-20T21:01:26.978Z] [INFO] === auto-git start ===
[2026-08-20T21:01:26.982Z] [INFO] Paralelní běh — přeskočeno
[2026-08-20T21:03:20.097Z] [INFO] === auto-git start ===
[2026-08-20T21:03:20.104Z] [WARN] Jen větev main — aktuální: cursor/mediprep-mobile-pwa-cd52
[2026-08-20T21:06:51.616Z] [INFO] === auto-git start ===
[2026-08-20T21:06:51.623Z] [WARN] Jen větev main — aktuální: cursor/mediprep-mobile-pwa-cd52
[2026-08-20T21:07:16.165Z] [INFO] === auto-git start ===
[2026-08-20T21:07:16.168Z] [INFO] Paralelní běh — přeskočeno
[2026-08-20T21:23:50.384Z] [INFO] === auto-git start ===
[2026-08-20T21:23:50.391Z] [WARN] Jen větev main — aktuální: cursor/mediprep-mobile-pwa-cd52
[2026-08-20T21:56:27.387Z] [INFO] === auto-git start ===
[2026-08-20T21:56:27.393Z] [WARN] Jen větev main — aktuální: cursor/mediprep-mobile-pwa-cd52
[2026-08-20T21:56:51.798Z] [INFO] === auto-git start ===
[2026-08-20T21:56:51.801Z] [INFO] Paralelní běh — přeskočeno
[2026-08-20T22:01:05.442Z] [INFO] === auto-git start ===
[2026-08-20T22:01:05.448Z] [WARN] Jen větev main — aktuální: cursor/mediprep-mobile-pwa-cd52
[2026-08-20T22:03:07.655Z] [INFO] === auto-git start ===
[2026-08-20T22:03:07.661Z] [WARN] Jen větev main — aktuální: cursor/mediprep-mobile-pwa-cd52
[2026-08-21T08:22:02.521Z] [INFO] === auto-git start ===
[2026-08-21T08:22:02.529Z] [WARN] Jen větev main — aktuální: cursor/apps-chrome-account-cd52
[2026-08-21T08:22:22.748Z] [INFO] === auto-git start ===
[2026-08-21T08:22:22.752Z] [INFO] Paralelní běh — přeskočeno
[2026-08-21T08:22:49.122Z] [INFO] === auto-git start ===
[2026-08-21T08:22:49.125Z] [INFO] Paralelní běh — přeskočeno
[2026-08-21T08:23:31.028Z] [INFO] === auto-git start ===
[2026-08-21T08:23:31.031Z] [INFO] Paralelní běh — přeskočeno
[2026-08-21T08:24:00.155Z] [INFO] === auto-git start ===
[2026-08-21T08:24:00.158Z] [INFO] Paralelní běh — přeskočeno
[2026-08-21T08:24:36.592Z] [INFO] === auto-git start ===
[2026-08-21T08:24:36.599Z] [WARN] Jen větev main — aktuální: cursor/apps-chrome-account-cd52
[2026-08-21T08:24:47.678Z] [INFO] === auto-git start ===
[2026-08-21T08:24:47.681Z] [INFO] Paralelní běh — přeskočeno
[2026-08-21T08:25:32.593Z] [INFO] === auto-git start ===
[2026-08-21T08:25:32.596Z] [INFO] Paralelní běh — přeskočeno
[2026-08-21T08:26:17.101Z] [INFO] === auto-git start ===
[2026-08-21T08:26:17.104Z] [INFO] Paralelní běh — přeskočeno
[2026-08-21T08:26:32.062Z] [INFO] === auto-git start ===
[2026-08-21T08:26:32.065Z] [INFO] Paralelní běh — přeskočeno
[2026-08-21T08:26:55.919Z] [INFO] === auto-git start ===
[2026-08-21T08:26:55.925Z] [WARN] Jen větev main — aktuální: cursor/apps-chrome-account-cd52
[2026-08-21T08:27:09.970Z] [INFO] === auto-git start ===
[2026-08-21T08:27:09.973Z] [INFO] Paralelní běh — přeskočeno
[2026-08-21T08:27:35.556Z] [INFO] === auto-git start ===
[2026-08-21T08:27:35.559Z] [INFO] Paralelní běh — přeskočeno
[2026-08-21T10:39:16.838Z] [INFO] === auto-git start ===
[2026-08-21T10:39:16.846Z] [WARN] Jen větev main — aktuální: cursor/apps-chrome-account-cd52
[2026-08-21T10:39:33.688Z] [INFO] === auto-git start ===
[2026-08-21T10:39:33.691Z] [INFO] Paralelní běh — přeskočeno
[2026-08-21T10:39:46.817Z] [INFO] === auto-git start ===
[2026-08-21T10:39:46.819Z] [INFO] Paralelní běh — přeskočeno
[2026-08-21T10:40:08.934Z] [INFO] === auto-git start ===
[2026-08-21T10:40:08.938Z] [INFO] Paralelní běh — přeskočeno
[2026-08-21T10:40:34.588Z] [INFO] === auto-git start ===
[2026-08-21T10:40:34.592Z] [INFO] Paralelní běh — přeskočeno
[2026-08-21T10:50:32.478Z] [INFO] === auto-git start ===
[2026-08-21T10:50:32.485Z] [WARN] Jen větev main — aktuální: cursor/apps-chrome-account-cd52
[2026-08-21T10:51:59.893Z] [INFO] === auto-git start ===
[2026-08-21T10:51:59.896Z] [INFO] Paralelní běh — přeskočeno
[2026-08-21T10:52:11.843Z] [INFO] === auto-git start ===
[2026-08-21T10:52:11.846Z] [INFO] Paralelní běh — přeskočeno
[2026-08-21T10:52:24.901Z] [INFO] === auto-git start ===
[2026-08-21T10:52:24.904Z] [INFO] Paralelní běh — přeskočeno
[2026-08-21T12:17:33.112Z] [INFO] === auto-git start ===
[2026-08-21T12:17:33.478Z] [OK] Commit: feat: added , ", "
[2026-08-21T12:17:34.829Z] [OK] Push origin/main → Vercel deploy (medscopeglobal.com)
[2026-08-21T12:17:34.829Z] [INFO] === auto-git end ===
[2026-08-21T12:17:44.127Z] [INFO] === auto-git start ===
[2026-08-21T12:17:44.134Z] [WARN] Jen větev main — aktuální: cursor/cloudflare-workers-build-cd52
[2026-08-21T13:04:42.371Z] [INFO] === auto-git start ===
[2026-08-21T13:04:42.457Z] [OK] Commit: feat: added .dev.vars, ", "
[2026-08-21T13:04:43.743Z] [OK] Push origin/main → Vercel deploy (medscopeglobal.com)
[2026-08-21T13:04:43.744Z] [INFO] === auto-git end ===
[2026-08-21T13:14:55.508Z] [INFO] === auto-git start ===
